Copyright 1986-2019 Xilinx, Inc. All Rights Reserved.
---------------------------------------------------------------------------------------------------
| Tool Version : Vivado v.2019.1 (lin64) Build 2552052 Fri May 24 14:47:09 MDT 2019
| Date         : Tue Jul  7 22:16:09 2020
| Host         : ubuntu running 64-bit Ubuntu 18.04.4 LTS
| Command      : report_control_sets -verbose -file fpga_serial_acl_tester_control_sets_placed.rpt
| Design       : fpga_serial_acl_tester
| Device       : xc7a100ti
---------------------------------------------------------------------------------------------------

Control Set Information

Table of Contents
-----------------
1. Summary
2. Histogram
3. Flip-Flop Distribution
4. Detailed Control Set Information

1. Summary
----------

+----------------------------------------------------------+-------+
|                          Status                          | Count |
+----------------------------------------------------------+-------+
| Total control sets                                       |    81 |
|    Minimum number of control sets                        |    81 |
|    Addition due to synthesis replication                 |     0 |
|    Addition due to physical synthesis replication        |     0 |
| Unused register locations in slices containing registers |   235 |
+----------------------------------------------------------+-------+
* Control sets can be merged at opt_design using control_set_merge or merge_equivalent_drivers
** Run report_qor_suggestions for automated merging and remapping suggestions


2. Histogram
------------

+--------------------+-------+
|       Fanout       | Count |
+--------------------+-------+
| Total control sets |    81 |
| >= 0 to < 4        |     3 |
| >= 4 to < 6        |     8 |
| >= 6 to < 8        |    10 |
| >= 8 to < 10       |     8 |
| >= 10 to < 12      |     0 |
| >= 12 to < 14      |     2 |
| >= 14 to < 16      |     5 |
| >= 16              |    45 |
+--------------------+-------+
* Control sets can be remapped at either synth_design or opt_design


3. Flip-Flop Distribution
-------------------------

+--------------+-----------------------+------------------------+-----------------+--------------+
| Clock Enable | Synchronous Set/Reset | Asynchronous Set/Reset | Total Registers | Total Slices |
+--------------+-----------------------+------------------------+-----------------+--------------+
| No           | No                    | No                     |             290 |          122 |
| No           | No                    | Yes                    |              28 |           12 |
| No           | Yes                   | No                     |             781 |          239 |
| Yes          | No                    | No                     |               4 |            3 |
| Yes          | No                    | Yes                    |               0 |            0 |
| Yes          | Yes                   | No                     |            1062 |          323 |
+--------------+-----------------------+------------------------+-----------------+--------------+


4. Detailed Control Set Information
-----------------------------------

+---------------------+--------------------------------------------------------------------------------------------------------------------+--------------------------------------------------------------------------------------------------------------------+------------------+----------------+
|     Clock Signal    |                                                    Enable Signal                                                   |                                                  Set/Reset Signal                                                  | Slice Load Count | Bel Load Count |
+---------------------+--------------------------------------------------------------------------------------------------------------------+--------------------------------------------------------------------------------------------------------------------+------------------+----------------+
|  s_clk_7_37mhz_BUFG |                                                                                                                    |                                                                                                                    |                1 |              1 |
|  s_clk_7_37mhz_BUFG | u_uart_tx_only/u_baud_1x_ce_divider/o_ce_div                                                                       |                                                                                                                    |                1 |              1 |
|  s_clk_20mhz_BUFG   | u_2_5mhz_ce_divider/o_ce_div                                                                                       |                                                                                                                    |                2 |              3 |
|  s_clk_7_37mhz_BUFG | u_uart_tx_only/s_i_aux                                                                                             | u_reset_sync_7_37mhz/o_rst_mhz                                                                                     |                1 |              4 |
|  s_clk_20mhz_BUFG   | u_buttons_deb_0123/si_buttons_store[3]_i_1_n_0                                                                     | u_reset_sync_20mhz/o_rst_mhz                                                                                       |                1 |              4 |
|  s_clk_20mhz_BUFG   | u_switches_deb_0123/si_buttons_store[3]_i_1_n_0                                                                    | u_reset_sync_20mhz/o_rst_mhz                                                                                       |                1 |              4 |
|  s_clk_20mhz_BUFG   | u_pmod_cls_custom_driver/u_pmod_cls_stand_spi_solo/s_cls_cmd_len_aux                                               | u_reset_sync_20mhz/o_rst_mhz                                                                                       |                2 |              4 |
|  s_clk_20mhz_BUFG   | u_pmod_acl2_custom_driver/u_extint_deb_int2/sel                                                                    | u_pmod_acl2_custom_driver/u_extint_deb_int2/s_t[4]_i_1_n_0                                                         |                1 |              5 |
|  s_clk_20mhz_BUFG   | u_pmod_acl2_custom_driver/u_extint_deb_int1/sel                                                                    | u_pmod_acl2_custom_driver/u_extint_deb_int1/s_t[4]_i_1_n_0                                                         |                2 |              5 |
|  s_clk_20mhz_BUFG   | u_pmod_cls_custom_driver/u_pmod_cls_stand_spi_solo/s_cls_dat_len_aux                                               | u_reset_sync_20mhz/o_rst_mhz                                                                                       |                3 |              5 |
|  s_clk_20mhz_BUFG   |                                                                                                                    | u_pmod_cls_custom_driver/u_pmod_generic_spi_solo/clear                                                             |                2 |              5 |
|  s_clk_20mhz_BUFG   | u_led_palette_pulser/s_ld2_led_pulse                                                                               | u_reset_sync_20mhz/o_rst_mhz                                                                                       |                2 |              6 |
|  s_clk_20mhz_BUFG   |                                                                                                                    | u_led_palette_pulser/s_ld1_green_pulse[5]_i_1_n_0                                                                  |                2 |              6 |
|  s_clk_20mhz_BUFG   |                                                                                                                    | u_led_palette_pulser/s_ld1_blue_pulse[5]_i_1_n_0                                                                   |                2 |              6 |
|  s_clk_20mhz_BUFG   |                                                                                                                    | u_led_palette_pulser/s_ld0_green_pulse[5]_i_1_n_0                                                                  |                2 |              6 |
|  s_clk_20mhz_BUFG   | u_pmod_acl2_custom_driver/u_pmod_generic_spi_solo/s_tx_len_val                                                     | u_reset_sync_20mhz/o_rst_mhz                                                                                       |                2 |              6 |
|  s_clk_20mhz_BUFG   | u_led_palette_pulser/s_ld1_led_pulse                                                                               | u_reset_sync_20mhz/o_rst_mhz                                                                                       |                2 |              6 |
|  s_clk_20mhz_BUFG   | u_led_palette_pulser/s_ld3_led_pulse                                                                               | u_reset_sync_20mhz/o_rst_mhz                                                                                       |                3 |              6 |
|  s_clk_20mhz_BUFG   |                                                                                                                    | u_acl_tester_fsm/o_active_init_display                                                                             |                2 |              6 |
|  s_clk_20mhz_BUFG   |                                                                                                                    | u_led_palette_pulser/s_ld0_blue_pulse[5]_i_1_n_0                                                                   |                2 |              6 |
|  s_clk_20mhz_BUFG   | u_led_palette_pulser/s_ld0_led_pulse                                                                               | u_reset_sync_20mhz/o_rst_mhz                                                                                       |                2 |              6 |
|  s_clk_20mhz_BUFG   | u_pmod_acl2_custom_driver/u_pmod_generic_spi_solo/p_0_in                                                           | u_pmod_acl2_custom_driver/u_pmod_generic_spi_solo/s_data_fifo_rx_in[7]_i_1_n_0                                     |                3 |              8 |
|  s_clk_7_37mhz_BUFG |                                                                                                                    | u_reset_sync_7_37mhz/o_rst_mhz                                                                                     |                3 |              8 |
|  s_clk_7_37mhz_BUFG | u_uart_tx_only/s_data_aux                                                                                          | u_reset_sync_7_37mhz/o_rst_mhz                                                                                     |                2 |              8 |
|  s_clk_20mhz_BUFG   | u_pmod_acl2_custom_driver/u_pmod_acl2_stand_spi_solo/s_byte_index_aux[7]_i_1_n_0                                   | u_reset_sync_20mhz/o_rst_mhz                                                                                       |                6 |              8 |
|  s_clk_20mhz_BUFG   |                                                                                                                    | u_pulse_stretcher_activity/o_y                                                                                     |                4 |              8 |
|  s_clk_20mhz_BUFG   |                                                                                                                    | u_pulse_stretcher_inactivity/o_y                                                                                   |                3 |              8 |
|  s_clk_20mhz_BUFG   |                                                                                                                    | s_cls_txt_ascii_line1[99]_i_1_n_0                                                                                  |                2 |              9 |
|  s_clk_20mhz_BUFG   |                                                                                                                    | s_uart_dat_ascii_line[243]_i_1_n_0                                                                                 |                2 |              9 |
|  s_clk_20mhz_BUFG   | u_pmod_acl2_custom_driver/u_pmod_generic_spi_solo/s_t                                                              | u_pmod_acl2_custom_driver/u_pmod_generic_spi_solo/clear                                                            |                4 |             13 |
|  s_clk_20mhz_BUFG   | u_pmod_cls_custom_driver/u_pmod_generic_spi_solo/s_t                                                               | u_pmod_cls_custom_driver/u_pmod_generic_spi_solo/s_t[0]_i_1_n_0                                                    |                4 |             13 |
|  s_clk_20mhz_BUFG   |                                                                                                                    | u_reset_sync_20mhz/s_rst_shift[13]_i_1_n_0                                                                         |                4 |             14 |
|  s_clk_7_37mhz_BUFG |                                                                                                                    | u_reset_sync_7_37mhz/s_rst_shift[13]_i_1_n_0                                                                       |                8 |             14 |
|  s_clk_20mhz_BUFG   | u_2_5mhz_ce_divider/o_ce_div                                                                                       | u_reset_sync_20mhz/o_rst_mhz                                                                                       |                6 |             15 |
|  s_clk_20mhz_BUFG   | u_switches_deb_0123/sel                                                                                            | u_switches_deb_0123/s_t[0]_i_1_n_0                                                                                 |                4 |             15 |
|  s_clk_20mhz_BUFG   | u_buttons_deb_0123/sel                                                                                             | u_buttons_deb_0123/s_t[0]_i_1_n_0                                                                                  |                4 |             15 |
|  s_clk_20mhz_BUFG   | u_led_pwm_driver/g_operate_basic_lumin_pwm[3].bl_operate_basic_lumin_pwm.s_basic_lumin_pwm_duty_cycles[17]_i_1_n_0 | u_reset_sync_20mhz/o_rst_mhz                                                                                       |                6 |             18 |
|  s_clk_20mhz_BUFG   | u_led_pwm_driver/g_operate_color_blue_pwm[3].bl_operate_color_blue_pwm.s_color_blue_pwm_duty_cycles[17]_i_1_n_0    | u_reset_sync_20mhz/o_rst_mhz                                                                                       |                6 |             18 |
|  s_clk_20mhz_BUFG   | u_led_pwm_driver/g_operate_color_green_pwm[0].bl_operate_color_green_pwm.s_color_green_pwm_duty_cycles[17]_i_1_n_0 | u_reset_sync_20mhz/o_rst_mhz                                                                                       |                6 |             18 |
|  s_clk_20mhz_BUFG   | u_led_pwm_driver/g_operate_color_green_pwm[1].bl_operate_color_green_pwm.s_color_green_pwm_duty_cycles[17]_i_1_n_0 | u_reset_sync_20mhz/o_rst_mhz                                                                                       |                6 |             18 |
|  s_clk_20mhz_BUFG   | u_led_pwm_driver/g_operate_color_green_pwm[2].bl_operate_color_green_pwm.s_color_green_pwm_duty_cycles[17]_i_1_n_0 | u_reset_sync_20mhz/o_rst_mhz                                                                                       |                5 |             18 |
|  s_clk_20mhz_BUFG   | u_led_pwm_driver/g_operate_color_green_pwm[3].bl_operate_color_green_pwm.s_color_green_pwm_duty_cycles[17]_i_1_n_0 | u_reset_sync_20mhz/o_rst_mhz                                                                                       |                6 |             18 |
|  s_clk_20mhz_BUFG   | u_led_pwm_driver/g_operate_color_red_pwm[1].bl_operate_color_red_pwm.s_color_red_pwm_duty_cycles[17]_i_1_n_0       | u_reset_sync_20mhz/o_rst_mhz                                                                                       |                4 |             18 |
|  s_clk_20mhz_BUFG   | u_led_pwm_driver/g_operate_color_red_pwm[2].bl_operate_color_red_pwm.s_color_red_pwm_duty_cycles[17]_i_1_n_0       | u_reset_sync_20mhz/o_rst_mhz                                                                                       |                7 |             18 |
|  s_clk_20mhz_BUFG   | u_led_pwm_driver/g_operate_color_red_pwm[3].bl_operate_color_red_pwm.s_color_red_pwm_duty_cycles[17]_i_1_n_0       | u_reset_sync_20mhz/o_rst_mhz                                                                                       |                4 |             18 |
|  s_clk_20mhz_BUFG   | u_led_pwm_driver/p_0_in                                                                                            | u_reset_sync_20mhz/o_rst_mhz                                                                                       |                5 |             18 |
|  s_clk_20mhz_BUFG   | u_led_pwm_driver/g_operate_color_blue_pwm[1].bl_operate_color_blue_pwm.s_color_blue_pwm_duty_cycles[17]_i_1_n_0    | u_reset_sync_20mhz/o_rst_mhz                                                                                       |                5 |             18 |
|  s_clk_20mhz_BUFG   | u_led_pwm_driver/g_operate_color_blue_pwm[2].bl_operate_color_blue_pwm.s_color_blue_pwm_duty_cycles[17]_i_1_n_0    | u_reset_sync_20mhz/o_rst_mhz                                                                                       |                5 |             18 |
|  s_clk_20mhz_BUFG   | u_led_pwm_driver/g_operate_basic_lumin_pwm[2].bl_operate_basic_lumin_pwm.s_basic_lumin_pwm_duty_cycles[17]_i_1_n_0 | u_reset_sync_20mhz/o_rst_mhz                                                                                       |                6 |             18 |
|  s_clk_20mhz_BUFG   | u_led_pwm_driver/g_operate_basic_lumin_pwm[0].bl_operate_basic_lumin_pwm.s_basic_lumin_pwm_duty_cycles[17]_i_1_n_0 | u_reset_sync_20mhz/o_rst_mhz                                                                                       |                5 |             18 |
|  s_clk_20mhz_BUFG   | u_led_pwm_driver/g_operate_basic_lumin_pwm[1].bl_operate_basic_lumin_pwm.s_basic_lumin_pwm_duty_cycles[17]_i_1_n_0 | u_reset_sync_20mhz/o_rst_mhz                                                                                       |                5 |             18 |
|  s_clk_20mhz_BUFG   | u_led_pwm_driver/g_operate_color_blue_pwm[0].bl_operate_color_blue_pwm.s_color_blue_pwm_duty_cycles[17]_i_1_n_0    | u_reset_sync_20mhz/o_rst_mhz                                                                                       |                7 |             18 |
|  s_clk_20mhz_BUFG   | u_lcd_text_feed/s_i                                                                                                | u_lcd_text_feed/s_i[0]_i_1_n_0                                                                                     |                5 |             19 |
|  s_clk_20mhz_BUFG   | u_pmod_acl2_custom_driver/u_pmod_acl2_stand_spi_solo/s_t                                                           | u_pmod_acl2_custom_driver/u_pmod_acl2_stand_spi_solo/s_t[0]_i_1_n_0                                                |                6 |             21 |
|  s_clk_20mhz_BUFG   | u_pmod_cls_custom_driver/u_pmod_cls_stand_spi_solo/s_t                                                             | u_pmod_cls_custom_driver/u_pmod_cls_stand_spi_solo/s_t[0]_i_1_n_0                                                  |                6 |             21 |
|  s_clk_20mhz_BUFG   | u_pulse_stretcher_activity/sel                                                                                     | u_pulse_stretcher_activity/s_t[0]_i_1_n_0                                                                          |                7 |             25 |
|  s_clk_20mhz_BUFG   | u_pulse_stretcher_inactivity/sel                                                                                   | u_pulse_stretcher_inactivity/s_t[0]_i_1_n_0                                                                        |                7 |             25 |
|  s_clk_20mhz_BUFG   |                                                                                                                    | u_led_pwm_driver/g_operate_color_green_pwm[0].bl_operate_color_green_pwm.s_color_green_pwm_period_count[0]_i_1_n_0 |                8 |             32 |
|  s_clk_20mhz_BUFG   |                                                                                                                    | u_led_pwm_driver/g_operate_color_blue_pwm[0].bl_operate_color_blue_pwm.s_color_blue_pwm_period_count[0]_i_1_n_0    |                8 |             32 |
|  s_clk_20mhz_BUFG   |                                                                                                                    | u_led_pwm_driver/g_operate_color_blue_pwm[1].bl_operate_color_blue_pwm.s_color_blue_pwm_period_count[0]_i_1_n_0    |                8 |             32 |
|  s_clk_20mhz_BUFG   |                                                                                                                    | u_led_pwm_driver/clear                                                                                             |                8 |             32 |
|  s_clk_20mhz_BUFG   |                                                                                                                    | u_led_pwm_driver/g_operate_color_blue_pwm[2].bl_operate_color_blue_pwm.s_color_blue_pwm_period_count[0]_i_1_n_0    |                8 |             32 |
|  s_clk_20mhz_BUFG   |                                                                                                                    | u_led_pwm_driver/g_operate_basic_lumin_pwm[2].bl_operate_basic_lumin_pwm.s_basic_lumin_pwm_period_count[0]_i_1_n_0 |                8 |             32 |
|  s_clk_20mhz_BUFG   |                                                                                                                    | u_led_pwm_driver/g_operate_color_blue_pwm[3].bl_operate_color_blue_pwm.s_color_blue_pwm_period_count[0]_i_1_n_0    |                8 |             32 |
|  s_clk_20mhz_BUFG   |                                                                                                                    | u_led_pwm_driver/g_operate_basic_lumin_pwm[1].bl_operate_basic_lumin_pwm.s_basic_lumin_pwm_period_count[0]_i_1_n_0 |                8 |             32 |
|  s_clk_20mhz_BUFG   |                                                                                                                    | u_led_pwm_driver/g_operate_color_green_pwm[1].bl_operate_color_green_pwm.s_color_green_pwm_period_count[0]_i_1_n_0 |                8 |             32 |
|  s_clk_20mhz_BUFG   |                                                                                                                    | u_led_pwm_driver/g_operate_color_green_pwm[2].bl_operate_color_green_pwm.s_color_green_pwm_period_count[0]_i_1_n_0 |                8 |             32 |
|  s_clk_20mhz_BUFG   |                                                                                                                    | u_led_pwm_driver/g_operate_color_green_pwm[3].bl_operate_color_green_pwm.s_color_green_pwm_period_count[0]_i_1_n_0 |                8 |             32 |
|  s_clk_20mhz_BUFG   |                                                                                                                    | u_led_pwm_driver/g_operate_color_red_pwm[1].bl_operate_color_red_pwm.s_color_red_pwm_period_count[0]_i_1_n_0       |                8 |             32 |
|  s_clk_20mhz_BUFG   |                                                                                                                    | u_led_pwm_driver/g_operate_color_red_pwm[2].bl_operate_color_red_pwm.s_color_red_pwm_period_count[0]_i_1_n_0       |                8 |             32 |
|  s_clk_20mhz_BUFG   |                                                                                                                    | u_led_pwm_driver/g_operate_color_red_pwm[3].bl_operate_color_red_pwm.s_color_red_pwm_period_count[0]_i_1_n_0       |                8 |             32 |
|  s_clk_20mhz_BUFG   |                                                                                                                    | u_led_pwm_driver/g_operate_basic_lumin_pwm[3].bl_operate_basic_lumin_pwm.s_basic_lumin_pwm_period_count[0]_i_1_n_0 |                8 |             32 |
|  s_clk_20mhz_BUFG   |                                                                                                                    | u_led_pwm_driver/g_operate_basic_lumin_pwm[0].bl_operate_basic_lumin_pwm.s_basic_lumin_pwm_period_count[0]_i_1_n_0 |                8 |             32 |
|  s_clk_20mhz_BUFG   |                                                                                                                    | u_buttons_deb_0123/o_btns_deb[1]                                                                                   |                8 |             34 |
|  s_clk_20mhz_BUFG   | u_pmod_acl2_custom_driver/o_data_3axis_temp[63]_i_1_n_0                                                            | u_reset_sync_20mhz/o_rst_mhz                                                                                       |               26 |             64 |
|  s_clk_20mhz_BUFG   | s_hex_3axis_temp_measurements_display[63]_i_1_n_0                                                                  | u_reset_sync_20mhz/o_rst_mhz                                                                                       |               33 |             64 |
|  s_clk_20mhz_BUFG   | u_pmod_acl2_custom_driver/s_hex_3axis_temp_measurements_val                                                        | u_reset_sync_20mhz/o_rst_mhz                                                                                       |               17 |             68 |
|  s_clk_20mhz_BUFG   | u_pmod_cls_custom_driver/u_pmod_cls_stand_spi_solo/s_cls_cmd_tx_aux                                                | u_reset_sync_20mhz/o_rst_mhz                                                                                       |               37 |             88 |
|  s_clk_20mhz_BUFG   |                                                                                                                    | u_reset_sync_20mhz/o_rst_mhz                                                                                       |               77 |            158 |
|  s_clk_20mhz_BUFG   | u_uart_tx_feed/s_uart_k_aux[5]_i_1_n_0                                                                             | u_reset_sync_20mhz/o_rst_mhz                                                                                       |               36 |            223 |
|  s_clk_20mhz_BUFG   |                                                                                                                    |                                                                                                                    |              121 |            289 |
+---------------------+--------------------------------------------------------------------------------------------------------------------+--------------------------------------------------------------------------------------------------------------------+------------------+----------------+


