Copyright 1986-2019 Xilinx, Inc. All Rights Reserved.
---------------------------------------------------------------------------------------------------------------------------------------------------------------------------------------------------
| Tool Version : Vivado v.2019.1 (win64) Build 2552052 Fri May 24 14:49:42 MDT 2019
| Date         : Mon Jun 22 18:15:06 2020
| Host         : M3ENGINEERING running 64-bit major release  (build 9200)
| Command      : report_bus_skew -warn_on_violation -file fpga_serial_acl_tester_bus_skew_routed.rpt -pb fpga_serial_acl_tester_bus_skew_routed.pb -rpx fpga_serial_acl_tester_bus_skew_routed.rpx
| Design       : fpga_serial_acl_tester
| Device       : 7a35ti-csg324
| Speed File   : -1L  PRODUCTION 1.23 2018-06-13
---------------------------------------------------------------------------------------------------------------------------------------------------------------------------------------------------

Bus Skew Report

No bus skew constraints

